WARNING  jax._src.xla_bridge:xla_bridge.py:527 No GPU/TPU found, falling back to CPU. (Set TF_CPP_MIN_LOG_LEVEL=0 and rerun for more info.)
